#-----------------------------------------------------------
# Vivado v2019.2.1 (64-bit)
# SW Build 2729669 on Thu Dec  5 04:49:17 MST 2019
# IP Build 2729494 on Thu Dec  5 07:38:25 MST 2019
# Start of session at: Sun May 10 02:37:02 2020
# Process ID: 9456
# Current directory: B:/Projects/Vivado/project_lab_2/tmp
# Command line: vivado.exe -gui_launcher_event rodinguilauncherevent30716 B:\Projects\Vivado\project_lab_2\tmp\project_lab_2.xpr
# Log file: B:/Projects/Vivado/project_lab_2/tmp/vivado.log
# Journal file: B:/Projects/Vivado/project_lab_2/tmp\vivado.jou
#-----------------------------------------------------------
start_gui
open_project B:/Projects/Vivado/project_lab_2/tmp/project_lab_2.xpr
update_compile_order -fileset sources_1
reset_run synth_2
launch_runs synth_2 -jobs 4
wait_on_run synth_2
launch_simulation
open_wave_config B:/Projects/Vivado/project_lab_2/tmp/test_clk_tb_behav.wcfg
source test_clk_tb.tcl
reset_run synth_2
launch_runs synth_2 -jobs 4
wait_on_run synth_2
relaunch_sim
run 2 us
reset_run synth_2
launch_runs synth_2 -jobs 4
wait_on_run synth_2
relaunch_sim
run 2 us
reset_run synth_2
launch_runs synth_2 -jobs 4
wait_on_run synth_2
reset_run synth_2
launch_runs synth_2 -jobs 4
wait_on_run synth_2
relaunch_sim
run 2 us
relaunch_sim
run 2 us
reset_run synth_2
launch_runs synth_2 -jobs 4
wait_on_run synth_2
save_wave_config {B:/Projects/Vivado/project_lab_2/tmp/test_clk_tb_behav.wcfg}
relaunch_sim
run 2 us
reset_run synth_2
launch_runs synth_2 -jobs 4
wait_on_run synth_2
relaunch_sim
run 2 us
reset_run synth_2
launch_runs synth_2 -jobs 4
wait_on_run synth_2
reset_run synth_2
launch_runs synth_2 -jobs 4
wait_on_run synth_2
relaunch_sim
run 2 us
reset_run synth_2
launch_runs synth_2 -jobs 4
wait_on_run synth_2
relaunch_sim
run 2 us
reset_run synth_2
launch_runs synth_2 -jobs 4
wait_on_run synth_2
reset_run synth_2
launch_runs synth_2 -jobs 4
wait_on_run synth_2
synth_design -rtl -name rtl_1
relaunch_sim
run 2 us
reset_run synth_2
launch_runs synth_2 -jobs 4
wait_on_run synth_2
reset_run synth_2
launch_runs synth_2 -jobs 4
wait_on_run synth_2
relaunch_sim
run 2 us
reset_run synth_2
launch_runs synth_2 -jobs 4
wait_on_run synth_2
reset_run synth_2
launch_runs synth_2 -jobs 4
wait_on_run synth_2
reset_run synth_2
launch_runs synth_2 -jobs 4
wait_on_run synth_2
reset_run synth_2
launch_runs synth_2 -jobs 4
wait_on_run synth_2
reset_run synth_2
launch_runs synth_2 -jobs 4
wait_on_run synth_2
reset_run synth_2
launch_runs synth_2 -jobs 4
wait_on_run synth_2
relaunch_sim
run 2 us
relaunch_sim
run 2 us
save_wave_config {B:/Projects/Vivado/project_lab_2/tmp/test_clk_tb_behav.wcfg}
save_wave_config {B:/Projects/Vivado/project_lab_2/tmp/test_clk_tb_behav.wcfg}
reset_run synth_2
launch_runs synth_2 -jobs 4
wait_on_run synth_2
relaunch_sim
run 2 us
relaunch_sim
run 2 us
reset_run synth_2
launch_runs synth_2 -jobs 4
wait_on_run synth_2
save_wave_config {B:/Projects/Vivado/project_lab_2/tmp/test_clk_tb_behav.wcfg}
relaunch_sim
run 2 us
save_wave_config {B:/Projects/Vivado/project_lab_2/tmp/test_clk_tb_behav.wcfg}
close_sim
