#-----------------------------------------------------------
# Vivado v2019.2 (64-bit)
# SW Build 2708876 on Wed Nov  6 21:40:23 MST 2019
# IP Build 2700528 on Thu Nov  7 00:09:20 MST 2019
# Start of session at: Thu May  7 11:46:29 2020
# Process ID: 1600
# Current directory: D:/Verilog/lb_2/tmp/device
# Command line: vivado.exe -gui_launcher_event rodinguilauncherevent14752 D:\Verilog\lb_2\tmp\device\device.xpr
# Log file: D:/Verilog/lb_2/tmp/device/vivado.log
# Journal file: D:/Verilog/lb_2/tmp/device\vivado.jou
#-----------------------------------------------------------
start_gui
open_project D:/Verilog/lb_2/tmp/device/device.xpr
update_compile_order -fileset sources_1
close [ open D:/Verilog/lb_2/rtl/dff_leds.v w ]
add_files D:/Verilog/lb_2/rtl/dff_leds.v
update_compile_order -fileset sources_1
close [ open D:/Verilog/lb_2/rtl/count_event.v w ]
add_files D:/Verilog/lb_2/rtl/count_event.v
update_compile_order -fileset sources_1
set_property SOURCE_SET sources_1 [get_filesets sim_1]
close [ open D:/Verilog/lb_2/tb/main_tb.v w ]
add_files -fileset sim_1 D:/Verilog/lb_2/tb/main_tb.v
update_compile_order -fileset sim_1
# Disabling source management mode.  This is to allow the top design properties to be set without GUI intervention.
set_property source_mgmt_mode None [current_project]
set_property top main_tb [get_filesets sim_1]
set_property top_lib xil_defaultlib [get_filesets sim_1]
# Re-enabling previously disabled source management mode.
set_property source_mgmt_mode All [current_project]
update_compile_order -fileset sim_1
update_compile_order -fileset sources_1
launch_simulation
launch_simulation
launch_simulation
# Disabling source management mode.  This is to allow the top design properties to be set without GUI intervention.
set_property source_mgmt_mode None [current_project]
set_property top main_dev [get_filesets sim_1]
set_property top_lib xil_defaultlib [get_filesets sim_1]
# Re-enabling previously disabled source management mode.
set_property source_mgmt_mode All [current_project]
update_compile_order -fileset sim_1
launch_simulation
# Disabling source management mode.  This is to allow the top design properties to be set without GUI intervention.
set_property source_mgmt_mode None [current_project]
set_property top main_tb [get_filesets sim_1]
set_property top_lib xil_defaultlib [get_filesets sim_1]
# Re-enabling previously disabled source management mode.
set_property source_mgmt_mode All [current_project]
update_compile_order -fileset sim_1
launch_simulation
launch_simulation
